============================= test session starts ==============================
platform darwin -- Python 3.13.5, pytest-8.3.4, pluggy-1.5.0
rootdir: /Users/lediangonzalez/to-do-list
plugins: mock-3.15.1, anyio-4.7.0, cov-7.0.0
collected 19 items

tests/test_api.py ..............                                         [ 73%]
tests/test_server_extra.py .....                                         [100%]

================================ tests coverage ================================
_______________ coverage: platform darwin, python 3.13.5-final-0 _______________

Name        Stmts   Miss  Cover   Missing
-----------------------------------------
server.py     217     15    93%   118, 208, 216, 238, 240, 263, 301-302, 319, 339-341, 496-498
-----------------------------------------
TOTAL         217     15    93%
============================== 19 passed in 1.06s ==============================
